[2026-03-01T16:16:56.717+0300][0.011s][info][gc,init] CardTable entry size: 512
[2026-03-01T16:16:56.717+0300][0.012s][info][gc     ] Using G1
[2026-03-01T16:16:56.719+0300][0.013s][info][gc,init] Version: 23.0.1+11-39 (release)
[2026-03-01T16:16:56.719+0300][0.013s][info][gc,init] CPUs: 12 total, 12 available
[2026-03-01T16:16:56.719+0300][0.013s][info][gc,init] Memory: 16159M
[2026-03-01T16:16:56.719+0300][0.013s][info][gc,init] Large Page Support: Disabled
[2026-03-01T16:16:56.719+0300][0.013s][info][gc,init] NUMA Support: Disabled
[2026-03-01T16:16:56.719+0300][0.013s][info][gc,init] Compressed Oops: Enabled (Zero based)
[2026-03-01T16:16:56.719+0300][0.013s][info][gc,init] Heap Region Size: 2M
[2026-03-01T16:16:56.719+0300][0.013s][info][gc,init] Heap Min Capacity: 8M
[2026-03-01T16:16:56.719+0300][0.014s][info][gc,init] Heap Initial Capacity: 254M
[2026-03-01T16:16:56.719+0300][0.014s][info][gc,init] Heap Max Capacity: 4040M
[2026-03-01T16:16:56.719+0300][0.014s][info][gc,init] Pre-touch: Disabled
[2026-03-01T16:16:56.719+0300][0.014s][info][gc,init] Parallel Workers: 10
[2026-03-01T16:16:56.719+0300][0.014s][info][gc,init] Concurrent Workers: 3
[2026-03-01T16:16:56.719+0300][0.014s][info][gc,init] Concurrent Refinement Workers: 10
[2026-03-01T16:16:56.719+0300][0.014s][info][gc,init] Periodic GC: Disabled
[2026-03-01T16:16:56.727+0300][0.022s][info][gc,metaspace] CDS archive(s) mapped at: [0x0000017ccc000000-0x0000017cccd70000-0x0000017cccd70000), size 14090240, SharedBaseAddress: 0x0000017ccc000000, ArchiveRelocationMode: 1.
[2026-03-01T16:16:56.727+0300][0.022s][info][gc,metaspace] Compressed class space mapped at: 0x0000017ccd000000-0x0000017d0d000000, reserved size: 1073741824
[2026-03-01T16:16:56.727+0300][0.022s][info][gc,metaspace] Narrow klass base: 0x0000017ccc000000, Narrow klass shift: 0, Narrow klass range: 0x41000000
[2026-03-01T16:16:57.213+0300][0.508s][info][gc,start    ] GC(0) Pause Young (Normal) (G1 Evacuation Pause)
[2026-03-01T16:16:57.215+0300][0.509s][info][gc,task     ] GC(0) Using 6 workers of 10 for evacuation
[2026-03-01T16:16:57.219+0300][0.514s][info][gc,phases   ] GC(0)   Pre Evacuate Collection Set: 0.10ms
[2026-03-01T16:16:57.219+0300][0.514s][info][gc,phases   ] GC(0)   Merge Heap Roots: 0.08ms
[2026-03-01T16:16:57.219+0300][0.514s][info][gc,phases   ] GC(0)   Evacuate Collection Set: 4.14ms
[2026-03-01T16:16:57.219+0300][0.514s][info][gc,phases   ] GC(0)   Post Evacuate Collection Set: 0.72ms
[2026-03-01T16:16:57.219+0300][0.514s][info][gc,phases   ] GC(0)   Other: 0.48ms
[2026-03-01T16:16:57.219+0300][0.514s][info][gc,heap     ] GC(0) Eden regions: 12->0(9)
[2026-03-01T16:16:57.219+0300][0.514s][info][gc,heap     ] GC(0) Survivor regions: 0->2(2)
[2026-03-01T16:16:57.219+0300][0.514s][info][gc,heap     ] GC(0) Old regions: 0->3
[2026-03-01T16:16:57.219+0300][0.514s][info][gc,heap     ] GC(0) Humongous regions: 0->0
[2026-03-01T16:16:57.219+0300][0.514s][info][gc,metaspace] GC(0) Metaspace: 6789K(7104K)->6789K(7104K) NonClass: 5916K(6080K)->5916K(6080K) Class: 873K(1024K)->873K(1024K)
[2026-03-01T16:16:57.219+0300][0.514s][info][gc          ] GC(0) Pause Young (Normal) (G1 Evacuation Pause) 24M->9M(254M) 5.879ms
[2026-03-01T16:16:57.219+0300][0.514s][info][gc,cpu      ] GC(0) User=0.02s Sys=0.02s Real=0.01s
[2026-03-01T16:16:57.598+0300][0.893s][info][gc,start    ] GC(1) Pause Young (Normal) (G1 Evacuation Pause)
[2026-03-01T16:16:57.598+0300][0.893s][info][gc,task     ] GC(1) Using 6 workers of 10 for evacuation
[2026-03-01T16:16:57.601+0300][0.896s][info][gc,phases   ] GC(1)   Pre Evacuate Collection Set: 0.08ms
[2026-03-01T16:16:57.601+0300][0.896s][info][gc,phases   ] GC(1)   Merge Heap Roots: 0.06ms
[2026-03-01T16:16:57.601+0300][0.896s][info][gc,phases   ] GC(1)   Evacuate Collection Set: 2.28ms
[2026-03-01T16:16:57.601+0300][0.896s][info][gc,phases   ] GC(1)   Post Evacuate Collection Set: 0.43ms
[2026-03-01T16:16:57.601+0300][0.896s][info][gc,phases   ] GC(1)   Other: 0.06ms
[2026-03-01T16:16:57.601+0300][0.896s][info][gc,heap     ] GC(1) Eden regions: 9->0(28)
[2026-03-01T16:16:57.601+0300][0.896s][info][gc,heap     ] GC(1) Survivor regions: 2->1(2)
[2026-03-01T16:16:57.601+0300][0.896s][info][gc,heap     ] GC(1) Old regions: 3->5
[2026-03-01T16:16:57.601+0300][0.896s][info][gc,heap     ] GC(1) Humongous regions: 0->0
[2026-03-01T16:16:57.601+0300][0.896s][info][gc,metaspace] GC(1) Metaspace: 11204K(11648K)->11204K(11648K) NonClass: 9656K(9920K)->9656K(9920K) Class: 1548K(1728K)->1548K(1728K)
[2026-03-01T16:16:57.601+0300][0.896s][info][gc          ] GC(1) Pause Young (Normal) (G1 Evacuation Pause) 27M->10M(254M) 3.138ms
[2026-03-01T16:16:57.601+0300][0.896s][info][gc,cpu      ] GC(1) User=0.00s Sys=0.00s Real=0.00s
[2026-03-01T16:16:58.005+0300][1.299s][info][gc,start    ] GC(2) Pause Young (Concurrent Start) (Metadata GC Threshold)
[2026-03-01T16:16:58.005+0300][1.299s][info][gc,task     ] GC(2) Using 6 workers of 10 for evacuation
[2026-03-01T16:16:58.008+0300][1.303s][info][gc,phases   ] GC(2)   Pre Evacuate Collection Set: 0.12ms
[2026-03-01T16:16:58.008+0300][1.303s][info][gc,phases   ] GC(2)   Merge Heap Roots: 0.09ms
[2026-03-01T16:16:58.008+0300][1.303s][info][gc,phases   ] GC(2)   Evacuate Collection Set: 2.89ms
[2026-03-01T16:16:58.008+0300][1.303s][info][gc,phases   ] GC(2)   Post Evacuate Collection Set: 0.53ms
[2026-03-01T16:16:58.008+0300][1.303s][info][gc,phases   ] GC(2)   Other: 0.09ms
[2026-03-01T16:16:58.008+0300][1.303s][info][gc,heap     ] GC(2) Eden regions: 25->0(31)
[2026-03-01T16:16:58.008+0300][1.303s][info][gc,heap     ] GC(2) Survivor regions: 1->3(4)
[2026-03-01T16:16:58.008+0300][1.303s][info][gc,heap     ] GC(2) Old regions: 5->5
[2026-03-01T16:16:58.008+0300][1.303s][info][gc,heap     ] GC(2) Humongous regions: 0->0
[2026-03-01T16:16:58.008+0300][1.303s][info][gc,metaspace] GC(2) Metaspace: 21117K(21504K)->21117K(21504K) NonClass: 18179K(18368K)->18179K(18368K) Class: 2938K(3136K)->2938K(3136K)
[2026-03-01T16:16:58.008+0300][1.303s][info][gc          ] GC(2) Pause Young (Concurrent Start) (Metadata GC Threshold) 59M->14M(254M) 3.903ms
[2026-03-01T16:16:58.008+0300][1.303s][info][gc,cpu      ] GC(2) User=0.00s Sys=0.00s Real=0.00s
[2026-03-01T16:16:58.008+0300][1.303s][info][gc          ] GC(3) Concurrent Mark Cycle
[2026-03-01T16:16:58.008+0300][1.303s][info][gc,marking  ] GC(3) Concurrent Scan Root Regions
[2026-03-01T16:16:58.009+0300][1.304s][info][gc,marking  ] GC(3) Concurrent Scan Root Regions 1.410ms
[2026-03-01T16:16:58.009+0300][1.305s][info][gc,marking  ] GC(3) Concurrent Mark
[2026-03-01T16:16:58.009+0300][1.305s][info][gc,marking  ] GC(3) Concurrent Mark From Roots
[2026-03-01T16:16:58.010+0300][1.305s][info][gc,task     ] GC(3) Using 3 workers of 3 for marking
[2026-03-01T16:16:58.013+0300][1.307s][info][gc,marking  ] GC(3) Concurrent Mark From Roots 2.828ms
[2026-03-01T16:16:58.013+0300][1.307s][info][gc,marking  ] GC(3) Concurrent Preclean
[2026-03-01T16:16:58.013+0300][1.307s][info][gc,marking  ] GC(3) Concurrent Preclean 0.034ms
[2026-03-01T16:16:58.013+0300][1.307s][info][gc,start    ] GC(3) Pause Remark
[2026-03-01T16:16:58.014+0300][1.309s][info][gc          ] GC(3) Pause Remark 15M->15M(54M) 1.508ms
[2026-03-01T16:16:58.015+0300][1.309s][info][gc,cpu      ] GC(3) User=0.00s Sys=0.00s Real=0.00s
[2026-03-01T16:16:58.015+0300][1.309s][info][gc,marking  ] GC(3) Concurrent Mark 4.576ms
[2026-03-01T16:16:58.015+0300][1.309s][info][gc,marking  ] GC(3) Concurrent Rebuild Remembered Sets and Scrub Regions
[2026-03-01T16:16:58.016+0300][1.310s][info][gc,marking  ] GC(3) Concurrent Rebuild Remembered Sets and Scrub Regions 1.051ms
[2026-03-01T16:16:58.016+0300][1.310s][info][gc,start    ] GC(3) Pause Cleanup
[2026-03-01T16:16:58.016+0300][1.310s][info][gc          ] GC(3) Pause Cleanup 16M->16M(54M) 0.040ms
[2026-03-01T16:16:58.016+0300][1.310s][info][gc,cpu      ] GC(3) User=0.00s Sys=0.00s Real=0.00s
[2026-03-01T16:16:58.016+0300][1.310s][info][gc,marking  ] GC(3) Concurrent Clear Claimed Marks
[2026-03-01T16:16:58.016+0300][1.311s][info][gc,marking  ] GC(3) Concurrent Clear Claimed Marks 0.061ms
[2026-03-01T16:16:58.016+0300][1.311s][info][gc,marking  ] GC(3) Concurrent Cleanup for Next Mark
[2026-03-01T16:16:58.016+0300][1.311s][info][gc,marking  ] GC(3) Concurrent Cleanup for Next Mark 0.262ms
[2026-03-01T16:16:58.016+0300][1.311s][info][gc          ] GC(3) Concurrent Mark Cycle 7.943ms
[2026-03-01T16:16:58.213+0300][1.508s][info][gc,start    ] GC(4) Pause Young (Prepare Mixed) (G1 Evacuation Pause)
[2026-03-01T16:16:58.213+0300][1.508s][info][gc,task     ] GC(4) Using 4 workers of 10 for evacuation
[2026-03-01T16:16:58.218+0300][1.512s][info][gc,phases   ] GC(4)   Pre Evacuate Collection Set: 0.12ms
[2026-03-01T16:16:58.218+0300][1.512s][info][gc,phases   ] GC(4)   Merge Heap Roots: 0.04ms
[2026-03-01T16:16:58.218+0300][1.512s][info][gc,phases   ] GC(4)   Evacuate Collection Set: 3.80ms
[2026-03-01T16:16:58.218+0300][1.512s][info][gc,phases   ] GC(4)   Post Evacuate Collection Set: 0.38ms
[2026-03-01T16:16:58.218+0300][1.512s][info][gc,phases   ] GC(4)   Other: 0.05ms
[2026-03-01T16:16:58.218+0300][1.512s][info][gc,heap     ] GC(4) Eden regions: 13->0(10)
[2026-03-01T16:16:58.218+0300][1.512s][info][gc,heap     ] GC(4) Survivor regions: 3->2(2)
[2026-03-01T16:16:58.218+0300][1.512s][info][gc,heap     ] GC(4) Old regions: 5->8
[2026-03-01T16:16:58.218+0300][1.512s][info][gc,heap     ] GC(4) Humongous regions: 0->0
[2026-03-01T16:16:58.218+0300][1.512s][info][gc,metaspace] GC(4) Metaspace: 24202K(24640K)->24202K(24640K) NonClass: 20786K(21056K)->20786K(21056K) Class: 3416K(3584K)->3416K(3584K)
[2026-03-01T16:16:58.218+0300][1.512s][info][gc          ] GC(4) Pause Young (Prepare Mixed) (G1 Evacuation Pause) 40M->17M(54M) 4.587ms
[2026-03-01T16:16:58.218+0300][1.512s][info][gc,cpu      ] GC(4) User=0.00s Sys=0.00s Real=0.00s
[2026-03-01T16:16:58.446+0300][1.741s][info][gc,start    ] GC(5) Pause Young (Mixed) (G1 Evacuation Pause)
[2026-03-01T16:16:58.446+0300][1.741s][info][gc,task     ] GC(5) Using 3 workers of 10 for evacuation
[2026-03-01T16:16:58.450+0300][1.745s][info][gc,phases   ] GC(5)   Pre Evacuate Collection Set: 0.11ms
[2026-03-01T16:16:58.450+0300][1.745s][info][gc,phases   ] GC(5)   Merge Heap Roots: 0.08ms
[2026-03-01T16:16:58.450+0300][1.745s][info][gc,phases   ] GC(5)   Evacuate Collection Set: 2.85ms
[2026-03-01T16:16:58.450+0300][1.745s][info][gc,phases   ] GC(5)   Post Evacuate Collection Set: 0.39ms
[2026-03-01T16:16:58.450+0300][1.745s][info][gc,phases   ] GC(5)   Other: 0.06ms
[2026-03-01T16:16:58.450+0300][1.745s][info][gc,heap     ] GC(5) Eden regions: 10->0(11)
[2026-03-01T16:16:58.450+0300][1.745s][info][gc,heap     ] GC(5) Survivor regions: 2->1(2)
[2026-03-01T16:16:58.450+0300][1.745s][info][gc,heap     ] GC(5) Old regions: 8->9
[2026-03-01T16:16:58.450+0300][1.745s][info][gc,heap     ] GC(5) Humongous regions: 0->0
[2026-03-01T16:16:58.450+0300][1.745s][info][gc,metaspace] GC(5) Metaspace: 25893K(26368K)->25893K(26368K) NonClass: 22226K(22528K)->22226K(22528K) Class: 3667K(3840K)->3667K(3840K)
[2026-03-01T16:16:58.450+0300][1.745s][info][gc          ] GC(5) Pause Young (Mixed) (G1 Evacuation Pause) 37M->18M(54M) 3.669ms
[2026-03-01T16:16:58.450+0300][1.745s][info][gc,cpu      ] GC(5) User=0.00s Sys=0.00s Real=0.00s
[2026-03-01T16:16:58.702+0300][1.996s][info][gc,start    ] GC(6) Pause Young (Normal) (G1 Evacuation Pause)
[2026-03-01T16:16:58.702+0300][1.996s][info][gc,task     ] GC(6) Using 2 workers of 10 for evacuation
[2026-03-01T16:16:58.705+0300][1.999s][info][gc,phases   ] GC(6)   Pre Evacuate Collection Set: 0.14ms
[2026-03-01T16:16:58.705+0300][2.000s][info][gc,phases   ] GC(6)   Merge Heap Roots: 0.09ms
[2026-03-01T16:16:58.705+0300][2.000s][info][gc,phases   ] GC(6)   Evacuate Collection Set: 2.78ms
[2026-03-01T16:16:58.705+0300][2.000s][info][gc,phases   ] GC(6)   Post Evacuate Collection Set: 0.40ms
[2026-03-01T16:16:58.705+0300][2.000s][info][gc,phases   ] GC(6)   Other: 0.05ms
[2026-03-01T16:16:58.705+0300][2.000s][info][gc,heap     ] GC(6) Eden regions: 11->0(11)
[2026-03-01T16:16:58.705+0300][2.000s][info][gc,heap     ] GC(6) Survivor regions: 1->2(2)
[2026-03-01T16:16:58.705+0300][2.000s][info][gc,heap     ] GC(6) Old regions: 9->9
[2026-03-01T16:16:58.705+0300][2.000s][info][gc,heap     ] GC(6) Humongous regions: 0->0
[2026-03-01T16:16:58.705+0300][2.000s][info][gc,metaspace] GC(6) Metaspace: 28259K(28736K)->28259K(28736K) NonClass: 24193K(24448K)->24193K(24448K) Class: 4065K(4288K)->4065K(4288K)
[2026-03-01T16:16:58.705+0300][2.000s][info][gc          ] GC(6) Pause Young (Normal) (G1 Evacuation Pause) 40M->19M(54M) 3.620ms
[2026-03-01T16:16:58.705+0300][2.000s][info][gc,cpu      ] GC(6) User=0.02s Sys=0.02s Real=0.00s
[2026-03-01T16:16:58.970+0300][2.264s][info][gc,start    ] GC(7) Pause Young (Normal) (G1 Evacuation Pause)
[2026-03-01T16:16:58.970+0300][2.264s][info][gc,task     ] GC(7) Using 2 workers of 10 for evacuation
[2026-03-01T16:16:58.976+0300][2.270s][info][gc,phases   ] GC(7)   Pre Evacuate Collection Set: 0.06ms
[2026-03-01T16:16:58.976+0300][2.270s][info][gc,phases   ] GC(7)   Merge Heap Roots: 0.04ms
[2026-03-01T16:16:58.976+0300][2.270s][info][gc,phases   ] GC(7)   Evacuate Collection Set: 4.75ms
[2026-03-01T16:16:58.976+0300][2.270s][info][gc,phases   ] GC(7)   Post Evacuate Collection Set: 0.54ms
[2026-03-01T16:16:58.976+0300][2.270s][info][gc,phases   ] GC(7)   Other: 0.09ms
[2026-03-01T16:16:58.976+0300][2.270s][info][gc,heap     ] GC(7) Eden regions: 11->0(44)
[2026-03-01T16:16:58.976+0300][2.270s][info][gc,heap     ] GC(7) Survivor regions: 2->2(2)
[2026-03-01T16:16:58.976+0300][2.270s][info][gc,heap     ] GC(7) Old regions: 9->10
[2026-03-01T16:16:58.976+0300][2.270s][info][gc,heap     ] GC(7) Humongous regions: 0->0
[2026-03-01T16:16:58.976+0300][2.270s][info][gc,metaspace] GC(7) Metaspace: 31369K(31936K)->31369K(31936K) NonClass: 26760K(27072K)->26760K(27072K) Class: 4608K(4864K)->4608K(4864K)
[2026-03-01T16:16:58.976+0300][2.270s][info][gc          ] GC(7) Pause Young (Normal) (G1 Evacuation Pause) 41M->21M(154M) 5.667ms
[2026-03-01T16:16:58.976+0300][2.270s][info][gc,cpu      ] GC(7) User=0.00s Sys=0.00s Real=0.01s
[2026-03-01T16:16:59.349+0300][2.644s][info][gc,start    ] GC(8) Pause Young (Concurrent Start) (Metadata GC Threshold)
[2026-03-01T16:16:59.349+0300][2.644s][info][gc,task     ] GC(8) Using 8 workers of 10 for evacuation
[2026-03-01T16:16:59.355+0300][2.650s][info][gc,phases   ] GC(8)   Pre Evacuate Collection Set: 0.19ms
[2026-03-01T16:16:59.355+0300][2.650s][info][gc,phases   ] GC(8)   Merge Heap Roots: 0.09ms
[2026-03-01T16:16:59.355+0300][2.650s][info][gc,phases   ] GC(8)   Evacuate Collection Set: 4.83ms
[2026-03-01T16:16:59.355+0300][2.650s][info][gc,phases   ] GC(8)   Post Evacuate Collection Set: 0.45ms
[2026-03-01T16:16:59.355+0300][2.650s][info][gc,phases   ] GC(8)   Other: 0.12ms
[2026-03-01T16:16:59.355+0300][2.650s][info][gc,heap     ] GC(8) Eden regions: 15->0(42)
[2026-03-01T16:16:59.355+0300][2.650s][info][gc,heap     ] GC(8) Survivor regions: 2->4(6)
[2026-03-01T16:16:59.355+0300][2.650s][info][gc,heap     ] GC(8) Old regions: 10->10
[2026-03-01T16:16:59.355+0300][2.650s][info][gc,heap     ] GC(8) Humongous regions: 0->0
[2026-03-01T16:16:59.355+0300][2.650s][info][gc,metaspace] GC(8) Metaspace: 35499K(36096K)->35499K(36096K) NonClass: 30332K(30720K)->30332K(30720K) Class: 5166K(5376K)->5166K(5376K)
[2026-03-01T16:16:59.355+0300][2.650s][info][gc          ] GC(8) Pause Young (Concurrent Start) (Metadata GC Threshold) 50M->24M(154M) 5.857ms
[2026-03-01T16:16:59.355+0300][2.650s][info][gc,cpu      ] GC(8) User=0.00s Sys=0.00s Real=0.01s
[2026-03-01T16:16:59.355+0300][2.650s][info][gc          ] GC(9) Concurrent Mark Cycle
[2026-03-01T16:16:59.355+0300][2.650s][info][gc,marking  ] GC(9) Concurrent Scan Root Regions
[2026-03-01T16:16:59.357+0300][2.651s][info][gc,marking  ] GC(9) Concurrent Scan Root Regions 1.525ms
[2026-03-01T16:16:59.357+0300][2.651s][info][gc,marking  ] GC(9) Concurrent Mark
[2026-03-01T16:16:59.357+0300][2.651s][info][gc,marking  ] GC(9) Concurrent Mark From Roots
[2026-03-01T16:16:59.357+0300][2.651s][info][gc,task     ] GC(9) Using 3 workers of 3 for marking
[2026-03-01T16:16:59.362+0300][2.656s][info][gc,marking  ] GC(9) Concurrent Mark From Roots 4.891ms
[2026-03-01T16:16:59.362+0300][2.656s][info][gc,marking  ] GC(9) Concurrent Preclean
[2026-03-01T16:16:59.362+0300][2.656s][info][gc,marking  ] GC(9) Concurrent Preclean 0.064ms
[2026-03-01T16:16:59.362+0300][2.656s][info][gc,start    ] GC(9) Pause Remark
[2026-03-01T16:16:59.364+0300][2.659s][info][gc          ] GC(9) Pause Remark 25M->25M(94M) 2.137ms
[2026-03-01T16:16:59.365+0300][2.659s][info][gc,cpu      ] GC(9) User=0.00s Sys=0.00s Real=0.00s
[2026-03-01T16:16:59.365+0300][2.659s][info][gc,marking  ] GC(9) Concurrent Mark 7.267ms
[2026-03-01T16:16:59.365+0300][2.659s][info][gc,marking  ] GC(9) Concurrent Rebuild Remembered Sets and Scrub Regions
[2026-03-01T16:16:59.367+0300][2.661s][info][gc,marking  ] GC(9) Concurrent Rebuild Remembered Sets and Scrub Regions 2.479ms
[2026-03-01T16:16:59.371+0300][2.665s][info][gc,start    ] GC(9) Pause Cleanup
[2026-03-01T16:16:59.371+0300][2.665s][info][gc          ] GC(9) Pause Cleanup 25M->25M(94M) 0.049ms
[2026-03-01T16:16:59.371+0300][2.665s][info][gc,cpu      ] GC(9) User=0.00s Sys=0.00s Real=0.00s
[2026-03-01T16:16:59.371+0300][2.665s][info][gc,marking  ] GC(9) Concurrent Clear Claimed Marks
[2026-03-01T16:16:59.371+0300][2.665s][info][gc,marking  ] GC(9) Concurrent Clear Claimed Marks 0.063ms
[2026-03-01T16:16:59.371+0300][2.665s][info][gc,marking  ] GC(9) Concurrent Cleanup for Next Mark
[2026-03-01T16:16:59.371+0300][2.666s][info][gc,marking  ] GC(9) Concurrent Cleanup for Next Mark 0.228ms
[2026-03-01T16:16:59.371+0300][2.666s][info][gc          ] GC(9) Concurrent Mark Cycle 15.802ms
[2026-03-01T16:16:59.988+0300][3.283s][info][gc,start    ] GC(10) Pause Young (Prepare Mixed) (G1 Evacuation Pause)
[2026-03-01T16:16:59.988+0300][3.283s][info][gc,task     ] GC(10) Using 8 workers of 10 for evacuation
[2026-03-01T16:16:59.992+0300][3.287s][info][gc,phases   ] GC(10)   Pre Evacuate Collection Set: 0.20ms
[2026-03-01T16:16:59.992+0300][3.287s][info][gc,phases   ] GC(10)   Merge Heap Roots: 0.09ms
[2026-03-01T16:16:59.992+0300][3.287s][info][gc,phases   ] GC(10)   Evacuate Collection Set: 3.24ms
[2026-03-01T16:16:59.992+0300][3.287s][info][gc,phases   ] GC(10)   Post Evacuate Collection Set: 0.50ms
[2026-03-01T16:16:59.992+0300][3.287s][info][gc,phases   ] GC(10)   Other: 0.05ms
[2026-03-01T16:16:59.992+0300][3.287s][info][gc,heap     ] GC(10) Eden regions: 24->0(24)
[2026-03-01T16:16:59.993+0300][3.287s][info][gc,heap     ] GC(10) Survivor regions: 4->3(4)
[2026-03-01T16:16:59.993+0300][3.287s][info][gc,heap     ] GC(10) Old regions: 10->12
[2026-03-01T16:16:59.993+0300][3.287s][info][gc,heap     ] GC(10) Humongous regions: 0->0
[2026-03-01T16:16:59.993+0300][3.287s][info][gc,metaspace] GC(10) Metaspace: 47591K(48256K)->47591K(48256K) NonClass: 40660K(41024K)->40660K(41024K) Class: 6930K(7232K)->6930K(7232K)
[2026-03-01T16:16:59.993+0300][3.287s][info][gc          ] GC(10) Pause Young (Prepare Mixed) (G1 Evacuation Pause) 72M->27M(94M) 4.255ms
[2026-03-01T16:16:59.993+0300][3.287s][info][gc,cpu      ] GC(10) User=0.00s Sys=0.00s Real=0.01s
[2026-03-01T16:17:00.608+0300][3.903s][info][gc,start    ] GC(11) Pause Young (Mixed) (Metadata GC Threshold)
[2026-03-01T16:17:00.608+0300][3.903s][info][gc,task     ] GC(11) Using 8 workers of 10 for evacuation
[2026-03-01T16:17:00.615+0300][3.910s][info][gc,phases   ] GC(11)   Pre Evacuate Collection Set: 0.14ms
[2026-03-01T16:17:00.615+0300][3.910s][info][gc,phases   ] GC(11)   Merge Heap Roots: 0.09ms
[2026-03-01T16:17:00.615+0300][3.910s][info][gc,phases   ] GC(11)   Evacuate Collection Set: 5.87ms
[2026-03-01T16:17:00.615+0300][3.910s][info][gc,phases   ] GC(11)   Post Evacuate Collection Set: 0.58ms
[2026-03-01T16:17:00.615+0300][3.910s][info][gc,phases   ] GC(11)   Other: 0.05ms
[2026-03-01T16:17:00.615+0300][3.910s][info][gc,heap     ] GC(11) Eden regions: 24->0(24)
[2026-03-01T16:17:00.615+0300][3.910s][info][gc,heap     ] GC(11) Survivor regions: 3->3(4)
[2026-03-01T16:17:00.615+0300][3.910s][info][gc,heap     ] GC(11) Old regions: 12->13
[2026-03-01T16:17:00.615+0300][3.910s][info][gc,heap     ] GC(11) Humongous regions: 0->0
[2026-03-01T16:17:00.615+0300][3.910s][info][gc,metaspace] GC(11) Metaspace: 59608K(60288K)->59608K(60288K) NonClass: 50827K(51200K)->50827K(51200K) Class: 8780K(9088K)->8780K(9088K)
[2026-03-01T16:17:00.615+0300][3.910s][info][gc          ] GC(11) Pause Young (Mixed) (Metadata GC Threshold) 74M->28M(94M) 6.919ms
[2026-03-01T16:17:00.615+0300][3.910s][info][gc,cpu      ] GC(11) User=0.00s Sys=0.00s Real=0.01s
[2026-03-01T16:17:00.641+0300][3.935s][info][gc,start    ] GC(12) Pause Young (Concurrent Start) (Metadata GC Threshold)
[2026-03-01T16:17:00.641+0300][3.935s][info][gc,task     ] GC(12) Using 8 workers of 10 for evacuation
[2026-03-01T16:17:00.644+0300][3.939s][info][gc,phases   ] GC(12)   Pre Evacuate Collection Set: 0.09ms
[2026-03-01T16:17:00.644+0300][3.939s][info][gc,phases   ] GC(12)   Merge Heap Roots: 0.04ms
[2026-03-01T16:17:00.644+0300][3.939s][info][gc,phases   ] GC(12)   Evacuate Collection Set: 2.70ms
[2026-03-01T16:17:00.644+0300][3.939s][info][gc,phases   ] GC(12)   Post Evacuate Collection Set: 0.39ms
[2026-03-01T16:17:00.644+0300][3.939s][info][gc,phases   ] GC(12)   Other: 0.07ms
[2026-03-01T16:17:00.644+0300][3.939s][info][gc,heap     ] GC(12) Eden regions: 1->0(24)
[2026-03-01T16:17:00.644+0300][3.939s][info][gc,heap     ] GC(12) Survivor regions: 3->2(4)
[2026-03-01T16:17:00.644+0300][3.939s][info][gc,heap     ] GC(12) Old regions: 13->15
[2026-03-01T16:17:00.644+0300][3.939s][info][gc,heap     ] GC(12) Humongous regions: 0->0
[2026-03-01T16:17:00.644+0300][3.939s][info][gc,metaspace] GC(12) Metaspace: 59917K(60608K)->59917K(60608K) NonClass: 51083K(51456K)->51083K(51456K) Class: 8834K(9152K)->8834K(9152K)
[2026-03-01T16:17:00.644+0300][3.939s][info][gc          ] GC(12) Pause Young (Concurrent Start) (Metadata GC Threshold) 30M->29M(94M) 3.470ms
[2026-03-01T16:17:00.644+0300][3.939s][info][gc          ] GC(13) Concurrent Mark Cycle
[2026-03-01T16:17:00.644+0300][3.939s][info][gc,cpu      ] GC(12) User=0.00s Sys=0.00s Real=0.00s
[2026-03-01T16:17:00.644+0300][3.939s][info][gc,marking  ] GC(13) Concurrent Scan Root Regions
[2026-03-01T16:17:00.645+0300][3.940s][info][gc,marking  ] GC(13) Concurrent Scan Root Regions 1.380ms
[2026-03-01T16:17:00.645+0300][3.940s][info][gc,marking  ] GC(13) Concurrent Mark
[2026-03-01T16:17:00.645+0300][3.940s][info][gc,marking  ] GC(13) Concurrent Mark From Roots
[2026-03-01T16:17:00.645+0300][3.940s][info][gc,task     ] GC(13) Using 3 workers of 3 for marking
[2026-03-01T16:17:00.652+0300][3.947s][info][gc,marking  ] GC(13) Concurrent Mark From Roots 6.586ms
[2026-03-01T16:17:00.652+0300][3.947s][info][gc,marking  ] GC(13) Concurrent Preclean
[2026-03-01T16:17:00.652+0300][3.947s][info][gc,marking  ] GC(13) Concurrent Preclean 0.026ms
[2026-03-01T16:17:00.652+0300][3.947s][info][gc,start    ] GC(13) Pause Remark
[2026-03-01T16:17:00.655+0300][3.949s][info][gc          ] GC(13) Pause Remark 30M->30M(94M) 2.355ms
[2026-03-01T16:17:00.655+0300][3.949s][info][gc,cpu      ] GC(13) User=0.00s Sys=0.00s Real=0.00s
[2026-03-01T16:17:00.655+0300][3.949s][info][gc,marking  ] GC(13) Concurrent Mark 9.219ms
[2026-03-01T16:17:00.655+0300][3.949s][info][gc,marking  ] GC(13) Concurrent Rebuild Remembered Sets and Scrub Regions
[2026-03-01T16:17:00.658+0300][3.953s][info][gc,marking  ] GC(13) Concurrent Rebuild Remembered Sets and Scrub Regions 3.354ms
[2026-03-01T16:17:00.658+0300][3.953s][info][gc,start    ] GC(13) Pause Cleanup
[2026-03-01T16:17:00.658+0300][3.953s][info][gc          ] GC(13) Pause Cleanup 30M->30M(94M) 0.043ms
[2026-03-01T16:17:00.658+0300][3.953s][info][gc,cpu      ] GC(13) User=0.00s Sys=0.00s Real=0.00s
[2026-03-01T16:17:00.658+0300][3.953s][info][gc,marking  ] GC(13) Concurrent Clear Claimed Marks
[2026-03-01T16:17:00.658+0300][3.953s][info][gc,marking  ] GC(13) Concurrent Clear Claimed Marks 0.057ms
[2026-03-01T16:17:00.658+0300][3.953s][info][gc,marking  ] GC(13) Concurrent Cleanup for Next Mark
[2026-03-01T16:17:00.658+0300][3.953s][info][gc,marking  ] GC(13) Concurrent Cleanup for Next Mark 0.164ms
[2026-03-01T16:17:00.658+0300][3.953s][info][gc          ] GC(13) Concurrent Mark Cycle 14.543ms
[2026-03-01T16:17:01.124+0300][4.418s][info][gc,start    ] GC(14) Pause Young (Prepare Mixed) (G1 Evacuation Pause)
[2026-03-01T16:17:01.124+0300][4.418s][info][gc,task     ] GC(14) Using 8 workers of 10 for evacuation
[2026-03-01T16:17:01.128+0300][4.423s][info][gc,phases   ] GC(14)   Pre Evacuate Collection Set: 0.13ms
[2026-03-01T16:17:01.128+0300][4.423s][info][gc,phases   ] GC(14)   Merge Heap Roots: 0.07ms
[2026-03-01T16:17:01.128+0300][4.423s][info][gc,phases   ] GC(14)   Evacuate Collection Set: 3.91ms
[2026-03-01T16:17:01.128+0300][4.423s][info][gc,phases   ] GC(14)   Post Evacuate Collection Set: 0.56ms
[2026-03-01T16:17:01.128+0300][4.423s][info][gc,phases   ] GC(14)   Other: 0.06ms
[2026-03-01T16:17:01.128+0300][4.423s][info][gc,heap     ] GC(14) Eden regions: 24->0(23)
[2026-03-01T16:17:01.128+0300][4.423s][info][gc,heap     ] GC(14) Survivor regions: 2->3(4)
[2026-03-01T16:17:01.128+0300][4.423s][info][gc,heap     ] GC(14) Old regions: 15->15
[2026-03-01T16:17:01.128+0300][4.423s][info][gc,heap     ] GC(14) Humongous regions: 0->0
[2026-03-01T16:17:01.128+0300][4.423s][info][gc,metaspace] GC(14) Metaspace: 66202K(66880K)->66202K(66880K) NonClass: 56323K(56704K)->56323K(56704K) Class: 9878K(10176K)->9878K(10176K)
[2026-03-01T16:17:01.128+0300][4.423s][info][gc          ] GC(14) Pause Young (Prepare Mixed) (G1 Evacuation Pause) 77M->33M(94M) 4.926ms
[2026-03-01T16:17:01.128+0300][4.423s][info][gc,cpu      ] GC(14) User=0.03s Sys=0.02s Real=0.00s
[2026-03-01T16:17:01.350+0300][4.645s][info][gc,start    ] GC(15) Pause Young (Mixed) (G1 Evacuation Pause)
[2026-03-01T16:17:01.351+0300][4.645s][info][gc,task     ] GC(15) Using 8 workers of 10 for evacuation
[2026-03-01T16:17:01.355+0300][4.650s][info][gc,phases   ] GC(15)   Pre Evacuate Collection Set: 0.06ms
[2026-03-01T16:17:01.356+0300][4.650s][info][gc,phases   ] GC(15)   Merge Heap Roots: 0.06ms
[2026-03-01T16:17:01.356+0300][4.650s][info][gc,phases   ] GC(15)   Evacuate Collection Set: 4.32ms
[2026-03-01T16:17:01.356+0300][4.650s][info][gc,phases   ] GC(15)   Post Evacuate Collection Set: 0.48ms
[2026-03-01T16:17:01.356+0300][4.650s][info][gc,phases   ] GC(15)   Other: 0.06ms
[2026-03-01T16:17:01.356+0300][4.650s][info][gc,heap     ] GC(15) Eden regions: 23->0(23)
[2026-03-01T16:17:01.356+0300][4.650s][info][gc,heap     ] GC(15) Survivor regions: 3->3(4)
[2026-03-01T16:17:01.356+0300][4.650s][info][gc,heap     ] GC(15) Old regions: 15->15
[2026-03-01T16:17:01.356+0300][4.650s][info][gc,heap     ] GC(15) Humongous regions: 0->0
[2026-03-01T16:17:01.356+0300][4.650s][info][gc,metaspace] GC(15) Metaspace: 70259K(70912K)->70259K(70912K) NonClass: 59649K(60032K)->59649K(60032K) Class: 10610K(10880K)->10610K(10880K)
[2026-03-01T16:17:01.356+0300][4.650s][info][gc          ] GC(15) Pause Young (Mixed) (G1 Evacuation Pause) 79M->34M(94M) 5.157ms
[2026-03-01T16:17:01.356+0300][4.650s][info][gc,cpu      ] GC(15) User=0.00s Sys=0.00s Real=0.01s
[2026-03-01T16:17:01.556+0300][4.851s][info][gc,start    ] GC(16) Pause Young (Normal) (G1 Evacuation Pause)
[2026-03-01T16:17:01.557+0300][4.851s][info][gc,task     ] GC(16) Using 8 workers of 10 for evacuation
[2026-03-01T16:17:01.560+0300][4.855s][info][gc,phases   ] GC(16)   Pre Evacuate Collection Set: 0.07ms
[2026-03-01T16:17:01.560+0300][4.855s][info][gc,phases   ] GC(16)   Merge Heap Roots: 0.06ms
[2026-03-01T16:17:01.560+0300][4.855s][info][gc,phases   ] GC(16)   Evacuate Collection Set: 3.19ms
[2026-03-01T16:17:01.560+0300][4.855s][info][gc,phases   ] GC(16)   Post Evacuate Collection Set: 0.43ms
[2026-03-01T16:17:01.560+0300][4.855s][info][gc,phases   ] GC(16)   Other: 0.06ms
[2026-03-01T16:17:01.560+0300][4.855s][info][gc,heap     ] GC(16) Eden regions: 23->0(30)
[2026-03-01T16:17:01.560+0300][4.855s][info][gc,heap     ] GC(16) Survivor regions: 3->3(4)
[2026-03-01T16:17:01.560+0300][4.855s][info][gc,heap     ] GC(16) Old regions: 15->17
[2026-03-01T16:17:01.560+0300][4.855s][info][gc,heap     ] GC(16) Humongous regions: 0->0
[2026-03-01T16:17:01.560+0300][4.855s][info][gc,metaspace] GC(16) Metaspace: 71828K(72576K)->71828K(72576K) NonClass: 60971K(61376K)->60971K(61376K) Class: 10857K(11200K)->10857K(11200K)
[2026-03-01T16:17:01.560+0300][4.855s][info][gc          ] GC(16) Pause Young (Normal) (G1 Evacuation Pause) 80M->36M(114M) 4.019ms
[2026-03-01T16:17:01.560+0300][4.855s][info][gc,cpu      ] GC(16) User=0.00s Sys=0.00s Real=0.00s
[2026-03-01T16:17:02.619+0300][5.913s][info][gc,start    ] GC(17) Pause Young (Normal) (G1 Evacuation Pause)
[2026-03-01T16:17:02.619+0300][5.914s][info][gc,task     ] GC(17) Using 10 workers of 10 for evacuation
[2026-03-01T16:17:02.630+0300][5.924s][info][gc,phases   ] GC(17)   Pre Evacuate Collection Set: 0.19ms
[2026-03-01T16:17:02.630+0300][5.924s][info][gc,phases   ] GC(17)   Merge Heap Roots: 0.10ms
[2026-03-01T16:17:02.630+0300][5.924s][info][gc,phases   ] GC(17)   Evacuate Collection Set: 9.33ms
[2026-03-01T16:17:02.630+0300][5.924s][info][gc,phases   ] GC(17)   Post Evacuate Collection Set: 0.87ms
[2026-03-01T16:17:02.630+0300][5.924s][info][gc,phases   ] GC(17)   Other: 0.09ms
[2026-03-01T16:17:02.630+0300][5.924s][info][gc,heap     ] GC(17) Eden regions: 30->0(26)
[2026-03-01T16:17:02.630+0300][5.924s][info][gc,heap     ] GC(17) Survivor regions: 3->5(5)
[2026-03-01T16:17:02.630+0300][5.924s][info][gc,heap     ] GC(17) Old regions: 17->17
[2026-03-01T16:17:02.630+0300][5.924s][info][gc,heap     ] GC(17) Humongous regions: 0->0
[2026-03-01T16:17:02.630+0300][5.924s][info][gc,metaspace] GC(17) Metaspace: 81614K(82432K)->81614K(82432K) NonClass: 69341K(69824K)->69341K(69824K) Class: 12272K(12608K)->12272K(12608K)
[2026-03-01T16:17:02.630+0300][5.924s][info][gc          ] GC(17) Pause Young (Normal) (G1 Evacuation Pause) 96M->43M(114M) 10.884ms
[2026-03-01T16:17:02.630+0300][5.924s][info][gc,cpu      ] GC(17) User=0.06s Sys=0.00s Real=0.01s
[2026-03-01T16:19:34.120+0300][157.415s][info][gc,start    ] GC(18) Pause Young (Concurrent Start) (G1 Evacuation Pause)
[2026-03-01T16:19:34.120+0300][157.415s][info][gc,task     ] GC(18) Using 10 workers of 10 for evacuation
[2026-03-01T16:19:34.132+0300][157.427s][info][gc,phases   ] GC(18)   Pre Evacuate Collection Set: 0.18ms
[2026-03-01T16:19:34.132+0300][157.427s][info][gc,phases   ] GC(18)   Merge Heap Roots: 0.08ms
[2026-03-01T16:19:34.132+0300][157.427s][info][gc,phases   ] GC(18)   Evacuate Collection Set: 11.28ms
[2026-03-01T16:19:34.132+0300][157.427s][info][gc,phases   ] GC(18)   Post Evacuate Collection Set: 0.79ms
[2026-03-01T16:19:34.132+0300][157.427s][info][gc,phases   ] GC(18)   Other: 0.25ms
[2026-03-01T16:19:34.132+0300][157.427s][info][gc,heap     ] GC(18) Eden regions: 26->0(26)
[2026-03-01T16:19:34.132+0300][157.427s][info][gc,heap     ] GC(18) Survivor regions: 5->2(4)
[2026-03-01T16:19:34.132+0300][157.427s][info][gc,heap     ] GC(18) Old regions: 17->22
[2026-03-01T16:19:34.132+0300][157.427s][info][gc,heap     ] GC(18) Humongous regions: 0->0
[2026-03-01T16:19:34.132+0300][157.427s][info][gc,metaspace] GC(18) Metaspace: 88242K(89216K)->88242K(89216K) NonClass: 75006K(75520K)->75006K(75520K) Class: 13236K(13696K)->13236K(13696K)
[2026-03-01T16:19:34.132+0300][157.427s][info][gc          ] GC(18) Pause Young (Concurrent Start) (G1 Evacuation Pause) 95M->46M(114M) 12.861ms
[2026-03-01T16:19:34.132+0300][157.427s][info][gc          ] GC(19) Concurrent Mark Cycle
[2026-03-01T16:19:34.132+0300][157.427s][info][gc,cpu      ] GC(18) User=0.06s Sys=0.02s Real=0.01s
[2026-03-01T16:19:34.132+0300][157.427s][info][gc,marking  ] GC(19) Concurrent Scan Root Regions
[2026-03-01T16:19:34.137+0300][157.432s][info][gc,marking  ] GC(19) Concurrent Scan Root Regions 4.368ms
[2026-03-01T16:19:34.137+0300][157.432s][info][gc,marking  ] GC(19) Concurrent Mark
[2026-03-01T16:19:34.137+0300][157.432s][info][gc,marking  ] GC(19) Concurrent Mark From Roots
[2026-03-01T16:19:34.137+0300][157.432s][info][gc,task     ] GC(19) Using 3 workers of 3 for marking
[2026-03-01T16:19:34.150+0300][157.445s][info][gc,marking  ] GC(19) Concurrent Mark From Roots 12.764ms
[2026-03-01T16:19:34.151+0300][157.445s][info][gc,marking  ] GC(19) Concurrent Preclean
[2026-03-01T16:19:34.151+0300][157.445s][info][gc,marking  ] GC(19) Concurrent Preclean 0.432ms
[2026-03-01T16:19:34.151+0300][157.445s][info][gc,start    ] GC(19) Pause Remark
[2026-03-01T16:19:34.167+0300][157.462s][info][gc          ] GC(19) Pause Remark 48M->48M(114M) 16.656ms
[2026-03-01T16:19:34.167+0300][157.462s][info][gc,cpu      ] GC(19) User=0.02s Sys=0.00s Real=0.02s
[2026-03-01T16:19:34.167+0300][157.462s][info][gc,marking  ] GC(19) Concurrent Mark 30.174ms
[2026-03-01T16:19:34.167+0300][157.462s][info][gc,marking  ] GC(19) Concurrent Rebuild Remembered Sets and Scrub Regions
[2026-03-01T16:19:34.176+0300][157.471s][info][gc,marking  ] GC(19) Concurrent Rebuild Remembered Sets and Scrub Regions 8.713ms
[2026-03-01T16:19:34.176+0300][157.471s][info][gc,start    ] GC(19) Pause Cleanup
[2026-03-01T16:19:34.176+0300][157.471s][info][gc          ] GC(19) Pause Cleanup 49M->49M(114M) 0.056ms
[2026-03-01T16:19:34.176+0300][157.471s][info][gc,cpu      ] GC(19) User=0.00s Sys=0.00s Real=0.00s
[2026-03-01T16:19:34.176+0300][157.471s][info][gc,marking  ] GC(19) Concurrent Clear Claimed Marks
[2026-03-01T16:19:34.176+0300][157.471s][info][gc,marking  ] GC(19) Concurrent Clear Claimed Marks 0.076ms
[2026-03-01T16:19:34.176+0300][157.471s][info][gc,marking  ] GC(19) Concurrent Cleanup for Next Mark
[2026-03-01T16:19:34.176+0300][157.471s][info][gc,marking  ] GC(19) Concurrent Cleanup for Next Mark 0.176ms
[2026-03-01T16:19:34.176+0300][157.471s][info][gc          ] GC(19) Concurrent Mark Cycle 43.959ms
[2026-03-01T16:21:46.765+0300][290.059s][info][gc,start    ] GC(20) Pause Young (Prepare Mixed) (G1 Evacuation Pause)
[2026-03-01T16:21:46.765+0300][290.060s][info][gc,task     ] GC(20) Using 10 workers of 10 for evacuation
[2026-03-01T16:21:46.778+0300][290.073s][info][gc,phases   ] GC(20)   Pre Evacuate Collection Set: 0.19ms
[2026-03-01T16:21:46.778+0300][290.073s][info][gc,phases   ] GC(20)   Merge Heap Roots: 0.16ms
[2026-03-01T16:21:46.778+0300][290.073s][info][gc,phases   ] GC(20)   Evacuate Collection Set: 12.56ms
[2026-03-01T16:21:46.778+0300][290.073s][info][gc,phases   ] GC(20)   Post Evacuate Collection Set: 0.70ms
[2026-03-01T16:21:46.778+0300][290.073s][info][gc,phases   ] GC(20)   Other: 0.06ms
[2026-03-01T16:21:46.778+0300][290.073s][info][gc,heap     ] GC(20) Eden regions: 26->0(27)
[2026-03-01T16:21:46.778+0300][290.073s][info][gc,heap     ] GC(20) Survivor regions: 2->2(4)
[2026-03-01T16:21:46.778+0300][290.073s][info][gc,heap     ] GC(20) Old regions: 22->22
[2026-03-01T16:21:46.778+0300][290.073s][info][gc,heap     ] GC(20) Humongous regions: 0->0
[2026-03-01T16:21:46.778+0300][290.073s][info][gc,metaspace] GC(20) Metaspace: 88318K(89408K)->88318K(89408K) NonClass: 75088K(75712K)->75088K(75712K) Class: 13229K(13696K)->13229K(13696K)
[2026-03-01T16:21:46.778+0300][290.073s][info][gc          ] GC(20) Pause Young (Prepare Mixed) (G1 Evacuation Pause) 98M->47M(114M) 13.909ms
[2026-03-01T16:21:46.778+0300][290.073s][info][gc,cpu      ] GC(20) User=0.00s Sys=0.00s Real=0.01s
[2026-03-01T16:24:24.101+0300][447.396s][info][gc,start    ] GC(21) Pause Young (Mixed) (G1 Evacuation Pause)
[2026-03-01T16:24:24.101+0300][447.396s][info][gc,task     ] GC(21) Using 10 workers of 10 for evacuation
[2026-03-01T16:24:24.107+0300][447.403s][info][gc,phases   ] GC(21)   Pre Evacuate Collection Set: 0.18ms
[2026-03-01T16:24:24.107+0300][447.403s][info][gc,phases   ] GC(21)   Merge Heap Roots: 0.18ms
[2026-03-01T16:24:24.107+0300][447.403s][info][gc,phases   ] GC(21)   Evacuate Collection Set: 5.25ms
[2026-03-01T16:24:24.107+0300][447.403s][info][gc,phases   ] GC(21)   Post Evacuate Collection Set: 0.84ms
[2026-03-01T16:24:24.108+0300][447.403s][info][gc,phases   ] GC(21)   Other: 0.07ms
[2026-03-01T16:24:24.108+0300][447.403s][info][gc,heap     ] GC(21) Eden regions: 27->0(28)
[2026-03-01T16:24:24.108+0300][447.403s][info][gc,heap     ] GC(21) Survivor regions: 2->2(4)
[2026-03-01T16:24:24.108+0300][447.403s][info][gc,heap     ] GC(21) Old regions: 22->21
[2026-03-01T16:24:24.108+0300][447.403s][info][gc,heap     ] GC(21) Humongous regions: 0->0
[2026-03-01T16:24:24.108+0300][447.403s][info][gc,metaspace] GC(21) Metaspace: 88322K(89408K)->88322K(89408K) NonClass: 75091K(75712K)->75091K(75712K) Class: 13231K(13696K)->13231K(13696K)
[2026-03-01T16:24:24.108+0300][447.403s][info][gc          ] GC(21) Pause Young (Mixed) (G1 Evacuation Pause) 101M->44M(114M) 6.784ms
[2026-03-01T16:24:24.108+0300][447.403s][info][gc,cpu      ] GC(21) User=0.00s Sys=0.00s Real=0.01s
[2026-03-01T16:27:11.193+0300][614.487s][info][gc,start    ] GC(22) Pause Young (Concurrent Start) (G1 Evacuation Pause)
[2026-03-01T16:27:11.193+0300][614.487s][info][gc,task     ] GC(22) Using 10 workers of 10 for evacuation
[2026-03-01T16:27:11.200+0300][614.494s][info][gc,phases   ] GC(22)   Pre Evacuate Collection Set: 0.11ms
[2026-03-01T16:27:11.200+0300][614.494s][info][gc,phases   ] GC(22)   Merge Heap Roots: 0.08ms
[2026-03-01T16:27:11.200+0300][614.494s][info][gc,phases   ] GC(22)   Evacuate Collection Set: 5.59ms
[2026-03-01T16:27:11.200+0300][614.494s][info][gc,phases   ] GC(22)   Post Evacuate Collection Set: 0.68ms
[2026-03-01T16:27:11.200+0300][614.494s][info][gc,phases   ] GC(22)   Other: 0.10ms
[2026-03-01T16:27:11.200+0300][614.494s][info][gc,heap     ] GC(22) Eden regions: 28->0(28)
[2026-03-01T16:27:11.200+0300][614.494s][info][gc,heap     ] GC(22) Survivor regions: 2->2(4)
[2026-03-01T16:27:11.200+0300][614.494s][info][gc,heap     ] GC(22) Old regions: 21->21
[2026-03-01T16:27:11.200+0300][614.494s][info][gc,heap     ] GC(22) Humongous regions: 0->0
[2026-03-01T16:27:11.200+0300][614.494s][info][gc,metaspace] GC(22) Metaspace: 88325K(89408K)->88325K(89408K) NonClass: 75093K(75712K)->75093K(75712K) Class: 13232K(13696K)->13232K(13696K)
[2026-03-01T16:27:11.200+0300][614.494s][info][gc          ] GC(22) Pause Young (Concurrent Start) (G1 Evacuation Pause) 100M->43M(114M) 6.883ms
[2026-03-01T16:27:11.200+0300][614.494s][info][gc,cpu      ] GC(22) User=0.00s Sys=0.00s Real=0.01s
[2026-03-01T16:27:11.200+0300][614.494s][info][gc          ] GC(23) Concurrent Mark Cycle
[2026-03-01T16:27:11.200+0300][614.494s][info][gc,marking  ] GC(23) Concurrent Scan Root Regions
[2026-03-01T16:27:11.203+0300][614.497s][info][gc,marking  ] GC(23) Concurrent Scan Root Regions 2.489ms
[2026-03-01T16:27:11.203+0300][614.497s][info][gc,marking  ] GC(23) Concurrent Mark
[2026-03-01T16:27:11.203+0300][614.497s][info][gc,marking  ] GC(23) Concurrent Mark From Roots
[2026-03-01T16:27:11.203+0300][614.497s][info][gc,task     ] GC(23) Using 3 workers of 3 for marking
[2026-03-01T16:27:11.218+0300][614.512s][info][gc,marking  ] GC(23) Concurrent Mark From Roots 15.118ms
[2026-03-01T16:27:11.218+0300][614.512s][info][gc,marking  ] GC(23) Concurrent Preclean
[2026-03-01T16:27:11.218+0300][614.512s][info][gc,marking  ] GC(23) Concurrent Preclean 0.270ms
[2026-03-01T16:27:11.218+0300][614.512s][info][gc,start    ] GC(23) Pause Remark
[2026-03-01T16:27:11.229+0300][614.523s][info][gc          ] GC(23) Pause Remark 44M->44M(114M) 10.922ms
[2026-03-01T16:27:11.229+0300][614.523s][info][gc,cpu      ] GC(23) User=0.00s Sys=0.00s Real=0.01s
[2026-03-01T16:27:11.229+0300][614.524s][info][gc,marking  ] GC(23) Concurrent Mark 26.625ms
[2026-03-01T16:27:11.229+0300][614.524s][info][gc,marking  ] GC(23) Concurrent Rebuild Remembered Sets and Scrub Regions
[2026-03-01T16:27:11.237+0300][614.531s][info][gc,marking  ] GC(23) Concurrent Rebuild Remembered Sets and Scrub Regions 7.729ms
[2026-03-01T16:27:11.237+0300][614.531s][info][gc,start    ] GC(23) Pause Cleanup
[2026-03-01T16:27:11.237+0300][614.532s][info][gc          ] GC(23) Pause Cleanup 44M->44M(114M) 0.058ms
[2026-03-01T16:27:11.237+0300][614.532s][info][gc,cpu      ] GC(23) User=0.00s Sys=0.00s Real=0.00s
[2026-03-01T16:27:11.237+0300][614.532s][info][gc,marking  ] GC(23) Concurrent Clear Claimed Marks
[2026-03-01T16:27:11.237+0300][614.532s][info][gc,marking  ] GC(23) Concurrent Clear Claimed Marks 0.088ms
[2026-03-01T16:27:11.237+0300][614.532s][info][gc,marking  ] GC(23) Concurrent Cleanup for Next Mark
[2026-03-01T16:27:11.237+0300][614.532s][info][gc,marking  ] GC(23) Concurrent Cleanup for Next Mark 0.176ms
[2026-03-01T16:27:11.237+0300][614.532s][info][gc          ] GC(23) Concurrent Mark Cycle 37.617ms
[2026-03-01T16:28:05.734+0300][669.029s][info][gc,heap,exit] Heap
[2026-03-01T16:28:05.734+0300][669.029s][info][gc,heap,exit]  garbage-first heap   total reserved 4136960K, committed 116736K, used 66514K [0x0000000703800000, 0x0000000800000000)
[2026-03-01T16:28:05.734+0300][669.029s][info][gc,heap,exit]   region size 2048K, 13 young (26624K), 2 survivors (4096K)
[2026-03-01T16:28:05.734+0300][669.029s][info][gc,heap,exit]  Metaspace       used 88363K, committed 89472K, reserved 1179648K
[2026-03-01T16:28:05.735+0300][669.029s][info][gc,heap,exit]   class space    used 13242K, committed 13696K, reserved 1048576K
